// Jest Snapshot v1, https://goo.gl/fbAQLP

exports[`gOEnrichmentMatchedCell should render as default snapshot 1`] = `
<DocumentFragment>
  <div
    class="sc-bdfBwQ bFLuhp"
  >
    <button
      class="MuiButtonBase-root MuiButton-root MuiButton-text sc-gsTCUz daHhbS MuiButton-textSecondary MuiButton-fullWidth"
      tabindex="0"
      type="button"
    >
      <span
        class="MuiButton-label"
      >
        12/250
      </span>
      <span
        class="MuiTouchRipple-root"
      />
    </button>
  </div>
</DocumentFragment>
`;
