// Jest Snapshot v1, https://goo.gl/fbAQLP

exports[`geneInformation should render as default snapshot 1`] = `
<DocumentFragment>
  <div
    class="sc-bdfBwQ hRaSgE"
  >
    <div
      class="sc-gsTCUz ksnEQw"
    >
      <h3
        class="sc-dlfnbm wFJhi"
      >
        Gene information
      </h3>
      <button
        class="MuiButtonBase-root MuiButton-root MuiButton-contained MuiButton-containedSecondary MuiButton-containedSizeSmall MuiButton-sizeSmall"
        tabindex="0"
        type="button"
      >
        <span
          class="MuiButton-label"
        >
          Highlight
        </span>
        <span
          class="MuiTouchRipple-root"
        />
      </button>
    </div>
    <p>
      TestGene0
    </p>
    <div>
      <div
        class="sc-hKgILt kGQuSO"
      >
        Alternatives:
      </div>
      <div
        class="sc-eCssSg ivtqCO"
      >
        TestGene0_alias1, TestGene0_alias2
      </div>
    </div>
    <div>
      <div
        class="sc-hKgILt kGQuSO"
      >
        Database link:
      </div>
      <div
        class="sc-eCssSg ivtqCO"
      >
        <a
          href="http://dictybase.org/id/0"
          rel="noopener noreferrer"
          target="_blank"
        >
          Open in dictyBase
          <img
            alt="Open in dictyBase."
            class="sc-jSgupP jVYjoC"
            src="dictybase_logo2.jpg"
          />
        </a>
      </div>
    </div>
    <div>
      <div
        class="sc-hKgILt kGQuSO"
      >
        Description:
      </div>
      <div
        class="sc-eCssSg ivtqCO"
      >
        This is a test gene 0
      </div>
    </div>
  </div>
</DocumentFragment>
`;
